// Jest Snapshot v1, https://goo.gl/fbAQLP

exports[`_createTableMap works correctly 1`] = `
{
  "a": [
    "",
    "",
    "100",
  ],
  "b": [
    "",
    "",
    "[1,2,3]",
  ],
  "bar": [
    "",
    "bar",
    "",
  ],
  "c": [
    "",
    "",
    "{"x":200,"y":300}",
  ],
  "d": [
    "",
    "",
    "D",
  ],
  "e": [
    "",
    "",
    "null",
  ],
  "f": [
    "",
    "",
    "",
  ],
  "foo": [
    "",
    "foo",
    "",
  ],
  "greeting": [
    "hello",
    "",
    "",
  ],
}
`;
