// Jest Snapshot v1, https://goo.gl/fbAQLP

exports[`createXMLData works correctly 1`] = `
"<?xml version="1.0" encoding="utf-8"?><!DOCTYPE base>
<base>
  <element>
    <greeting>
      hello
    </greeting>
  </element>
  <element>
    <foo>
      foo
    </foo>
    <bar>
      bar
    </bar>
  </element>
  <element>
    <a>
      100
    </a>
    <b>
      <element>
        1
      </element>
      <element>
        2
      </element>
      <element>
        3
      </element>
    </b>
    <c>
      <x>
        200
      </x>
      <y>
        300
      </y>
    </c>
    <d>
      D
    </d>
    <e />
    <f />
  </element>
</base>
"
`;

exports[`createXMLData works with empty array 1`] = `
"<?xml version="1.0" encoding="utf-8"?><!DOCTYPE base>
<base>

</base>
"
`;
